mode: set
github.com/KhoaNgDev/Backend_Go_Postgres/db/util/random.go:14.38,16.2 1 1
github.com/KhoaNgDev/Backend_Go_Postgres/db/util/random.go:18.33,22.25 3 1
github.com/KhoaNgDev/Backend_Go_Postgres/db/util/random.go:22.25,25.3 2 1
github.com/KhoaNgDev/Backend_Go_Postgres/db/util/random.go:26.2,26.20 1 1
github.com/KhoaNgDev/Backend_Go_Postgres/db/util/random.go:29.27,33.2 3 1
github.com/KhoaNgDev/Backend_Go_Postgres/db/util/random.go:35.30,39.2 3 1
github.com/KhoaNgDev/Backend_Go_Postgres/db/util/random.go:41.26,43.2 1 1
github.com/KhoaNgDev/Backend_Go_Postgres/db/sqlc/account.sql.go:26.96,38.2 4 1
github.com/KhoaNgDev/Backend_Go_Postgres/db/sqlc/account.sql.go:45.70,48.2 2 1
github.com/KhoaNgDev/Backend_Go_Postgres/db/sqlc/account.sql.go:55.78,67.2 4 1
github.com/KhoaNgDev/Backend_Go_Postgres/db/sqlc/account.sql.go:81.96,83.16 2 1
github.com/KhoaNgDev/Backend_Go_Postgres/db/sqlc/account.sql.go:83.16,85.3 1 0
github.com/KhoaNgDev/Backend_Go_Postgres/db/sqlc/account.sql.go:86.2,88.18 3 1
github.com/KhoaNgDev/Backend_Go_Postgres/db/sqlc/account.sql.go:88.18,97.17 2 1
github.com/KhoaNgDev/Backend_Go_Postgres/db/sqlc/account.sql.go:97.17,99.4 1 0
github.com/KhoaNgDev/Backend_Go_Postgres/db/sqlc/account.sql.go:100.3,100.27 1 1
github.com/KhoaNgDev/Backend_Go_Postgres/db/sqlc/account.sql.go:102.2,102.37 1 1
github.com/KhoaNgDev/Backend_Go_Postgres/db/sqlc/account.sql.go:102.37,104.3 1 0
github.com/KhoaNgDev/Backend_Go_Postgres/db/sqlc/account.sql.go:105.2,105.35 1 1
github.com/KhoaNgDev/Backend_Go_Postgres/db/sqlc/account.sql.go:105.35,107.3 1 0
github.com/KhoaNgDev/Backend_Go_Postgres/db/sqlc/account.sql.go:108.2,108.19 1 1
github.com/KhoaNgDev/Backend_Go_Postgres/db/sqlc/account.sql.go:123.96,135.2 4 1
github.com/KhoaNgDev/Backend_Go_Postgres/db/sqlc/db.go:19.28,21.2 1 1
github.com/KhoaNgDev/Backend_Go_Postgres/db/sqlc/db.go:27.47,31.2 1 0
github.com/KhoaNgDev/Backend_Go_Postgres/db/sqlc/entry.sql.go:26.90,37.2 4 1
github.com/KhoaNgDev/Backend_Go_Postgres/db/sqlc/entry.sql.go:44.74,55.2 4 1
github.com/KhoaNgDev/Backend_Go_Postgres/db/sqlc/entry.sql.go:71.92,73.16 2 1
github.com/KhoaNgDev/Backend_Go_Postgres/db/sqlc/entry.sql.go:73.16,75.3 1 0
github.com/KhoaNgDev/Backend_Go_Postgres/db/sqlc/entry.sql.go:76.2,78.18 3 1
github.com/KhoaNgDev/Backend_Go_Postgres/db/sqlc/entry.sql.go:78.18,86.17 2 1
github.com/KhoaNgDev/Backend_Go_Postgres/db/sqlc/entry.sql.go:86.17,88.4 1 0
github.com/KhoaNgDev/Backend_Go_Postgres/db/sqlc/entry.sql.go:89.3,89.27 1 1
github.com/KhoaNgDev/Backend_Go_Postgres/db/sqlc/entry.sql.go:91.2,91.37 1 1
github.com/KhoaNgDev/Backend_Go_Postgres/db/sqlc/entry.sql.go:91.37,93.3 1 0
github.com/KhoaNgDev/Backend_Go_Postgres/db/sqlc/entry.sql.go:94.2,94.35 1 1
github.com/KhoaNgDev/Backend_Go_Postgres/db/sqlc/entry.sql.go:94.35,96.3 1 0
github.com/KhoaNgDev/Backend_Go_Postgres/db/sqlc/entry.sql.go:97.2,97.19 1 1
github.com/KhoaNgDev/Backend_Go_Postgres/db/sqlc/transfer.sql.go:28.99,40.2 4 1
github.com/KhoaNgDev/Backend_Go_Postgres/db/sqlc/transfer.sql.go:47.80,59.2 4 1
github.com/KhoaNgDev/Backend_Go_Postgres/db/sqlc/transfer.sql.go:78.99,85.16 2 1
github.com/KhoaNgDev/Backend_Go_Postgres/db/sqlc/transfer.sql.go:85.16,87.3 1 0
github.com/KhoaNgDev/Backend_Go_Postgres/db/sqlc/transfer.sql.go:88.2,90.18 3 1
github.com/KhoaNgDev/Backend_Go_Postgres/db/sqlc/transfer.sql.go:90.18,99.17 2 1
github.com/KhoaNgDev/Backend_Go_Postgres/db/sqlc/transfer.sql.go:99.17,101.4 1 0
github.com/KhoaNgDev/Backend_Go_Postgres/db/sqlc/transfer.sql.go:102.3,102.27 1 1
github.com/KhoaNgDev/Backend_Go_Postgres/db/sqlc/transfer.sql.go:104.2,104.37 1 1
github.com/KhoaNgDev/Backend_Go_Postgres/db/sqlc/transfer.sql.go:104.37,106.3 1 0
github.com/KhoaNgDev/Backend_Go_Postgres/db/sqlc/transfer.sql.go:107.2,107.35 1 1
github.com/KhoaNgDev/Backend_Go_Postgres/db/sqlc/transfer.sql.go:107.35,109.3 1 0
github.com/KhoaNgDev/Backend_Go_Postgres/db/sqlc/transfer.sql.go:110.2,110.19 1 1
